L1-HDF_TRIGGER_MERGE_FULL_DATA-1238787802-853441.hdf /home/charlie.hoy/projects/O3/O3/pycbc/offline_v1.14.1.0/C00/hl/a2_1/output/full_data/L1-HDF_TRIGGER_MERGE_FULL_DATA-1238787802-853441.hdf pool="local"
H1-HDF_TRIGGER_MERGE_FULL_DATA-1238787802-853441.hdf /home/charlie.hoy/projects/O3/O3/pycbc/offline_v1.14.1.0/C00/hl/a2_1/output/full_data/H1-HDF_TRIGGER_MERGE_FULL_DATA-1238787802-853441.hdf pool="local"
H1-MERGE_PSDS-1238787802-853441.hdf /home/charlie.hoy/projects/O3/O3/pycbc/offline_v1.14.1.0/C00/hl/a2_1/output/psds/H1-MERGE_PSDS-1238787802-853441.hdf pool="local"
L1-MERGE_PSDS-1238787802-853441.hdf /home/charlie.hoy/projects/O3/O3/pycbc/offline_v1.14.1.0/C00/hl/a2_1/output/psds/L1-MERGE_PSDS-1238787802-853441.hdf pool="local"
H1-FIT_BY_TEMPLATE_FULL_DATA-1238787802-853441.hdf /home/charlie.hoy/projects/O3/O3/pycbc/offline_v1.14.1.0/C00/hl/a2_1/output/fit_by_template/H1-FIT_BY_TEMPLATE_FULL_DATA-1238787802-853441.hdf pool="local"
L1-FIT_BY_TEMPLATE_FULL_DATA-1238787802-853441.hdf /home/charlie.hoy/projects/O3/O3/pycbc/offline_v1.14.1.0/C00/hl/a2_1/output/fit_by_template/L1-FIT_BY_TEMPLATE_FULL_DATA-1238787802-853441.hdf pool="local"
H1-FIT_OVER_PARAM_FULL_DATA-1238787802-853441.hdf /home/charlie.hoy/projects/O3/O3/pycbc/offline_v1.14.1.0/C00/hl/a2_1/output/fit_over_param/H1-FIT_OVER_PARAM_FULL_DATA-1238787802-853441.hdf pool="local"
L1-FIT_OVER_PARAM_FULL_DATA-1238787802-853441.hdf /home/charlie.hoy/projects/O3/O3/pycbc/offline_v1.14.1.0/C00/hl/a2_1/output/fit_over_param/L1-FIT_OVER_PARAM_FULL_DATA-1238787802-853441.hdf pool="local"